Target Part: A2F500M3G_FBGA484_Std
Report for cell TOPLEVEL.verilog
  Core Cell usage:
              cell count     area count*area
              AND2    32      1.0       32.0
              AND3     6      1.0        6.0
               AO1    68      1.0       68.0
              AO16     1      1.0        1.0
              AO18     2      1.0        2.0
              AO1A    40      1.0       40.0
              AO1B     8      1.0        8.0
              AO1C    11      1.0       11.0
              AO1D     5      1.0        5.0
              AOI1    10      1.0       10.0
             AOI1B    29      1.0       29.0
               AX1     3      1.0        3.0
              AX1A     3      1.0        3.0
              AX1C     2      1.0        2.0
              AX1D     2      1.0        2.0
              AX1E     2      1.0        2.0
              AXO3     1      1.0        1.0
              AXO6     1      1.0        1.0
              AXO7     1      1.0        1.0
             AXOI1     1      1.0        1.0
             AXOI7     2      1.0        2.0
            CLKINT     3      0.0        0.0
               GND    17      0.0        0.0
               INV     2      1.0        2.0
             MAJ3X     1      1.0        1.0
           MSS_AHB     1      0.0        0.0
           MSS_CCC     1      0.0        0.0
               MX2   148      1.0      148.0
              MX2A     6      1.0        6.0
              MX2B    85      1.0       85.0
              MX2C     4      1.0        4.0
              NOR2    84      1.0       84.0
             NOR2A   110      1.0      110.0
             NOR2B   403      1.0      403.0
              NOR3    28      1.0       28.0
             NOR3A    61      1.0       61.0
             NOR3B   107      1.0      107.0
             NOR3C   108      1.0      108.0
               OA1    33      1.0       33.0
              OA1A     8      1.0        8.0
              OA1B     4      1.0        4.0
              OA1C    11      1.0       11.0
              OAI1    10      1.0       10.0
               OR2    84      1.0       84.0
              OR2A    48      1.0       48.0
              OR2B    24      1.0       24.0
               OR3   103      1.0      103.0
              OR3A    19      1.0       19.0
              OR3B    39      1.0       39.0
            PLLINT     1      0.0        0.0
               VCC    17      0.0        0.0
               XA1     7      1.0        7.0
              XA1A    10      1.0       10.0
              XA1B     3      1.0        3.0
              XA1C     5      1.0        5.0
             XAI1A     2      1.0        2.0
             XNOR2    50      1.0       50.0
             XNOR3     4      1.0        4.0
               XO1     2      1.0        2.0
              XO1A     1      1.0        1.0
              XOR2    58      1.0       58.0
              XOR3     8      1.0        8.0


              DFN1   265      1.0      265.0
            DFN1C0     9      1.0        9.0
            DFN1E0    30      1.0       30.0
          DFN1E0C0    33      1.0       33.0
            DFN1E1    46      1.0       46.0
          DFN1E1C0    24      1.0       24.0
            DFN1P0     1      1.0        1.0
         RAM512X18     1      0.0        0.0
                   -----          ----------
             TOTAL  2359              2318.0


  IO Cell usage:
              cell count
             BIBUF    16
         BIBUF_MSS     1
             INBUF     2
         INBUF_MSS     6
        MSS_XTLOSC     1
            OUTBUF    52
        OUTBUF_MSS     5
                   -----
             TOTAL    83


Core Cells         : 2318 of 11520 (20%)
IO Cells           : 83

  RAM/ROM Usage Summary
Block Rams : 1 of 24 (4%)

