Target Part: A2F500M3G_FBGA484_Std
Report for cell TOPLEVEL.verilog
  Core Cell usage:
              cell count     area count*area
              AND2   229      1.0      229.0
             AND2A     4      1.0        4.0
              AND3    54      1.0       54.0
               AO1   325      1.0      325.0
              AO17     1      1.0        1.0
              AO1A    35      1.0       35.0
              AO1B    13      1.0       13.0
              AO1C    35      1.0       35.0
              AO1D     7      1.0        7.0
              AOI1    16      1.0       16.0
             AOI1B     8      1.0        8.0
               AX1     2      1.0        2.0
              AX1A     3      1.0        3.0
              AX1B     7      1.0        7.0
              AX1C     1      1.0        1.0
              AX1D     4      1.0        4.0
              AX1E     2      1.0        2.0
              AXO1     1      1.0        1.0
              AXO5     1      1.0        1.0
             AXOI5     1      1.0        1.0
             AXOI7     1      1.0        1.0
              BUFF     8      1.0        8.0
            CLKINT     3      0.0        0.0
               GND    33      0.0        0.0
               INV    70      1.0       70.0
              MIN3     1      1.0        1.0
           MSS_AHB     1      0.0        0.0
           MSS_CCC     1      0.0        0.0
               MX2   303      1.0      303.0
              MX2A    10      1.0       10.0
              MX2B    14      1.0       14.0
              MX2C     4      1.0        4.0
             NAND2     8      1.0        8.0
            NAND3A    32      1.0       32.0
              NOR2    99      1.0       99.0
             NOR2A   172      1.0      172.0
             NOR2B   629      1.0      629.0
              NOR3    22      1.0       22.0
             NOR3A    85      1.0       85.0
             NOR3B   106      1.0      106.0
             NOR3C    67      1.0       67.0
               OA1    25      1.0       25.0
              OA1A    27      1.0       27.0
              OA1B     9      1.0        9.0
              OA1C    13      1.0       13.0
              OAI1     6      1.0        6.0
               OR2   140      1.0      140.0
              OR2A    82      1.0       82.0
              OR2B    31      1.0       31.0
               OR3   161      1.0      161.0
              OR3A    16      1.0       16.0
              OR3B     3      1.0        3.0
              OR3C     2      1.0        2.0
            PLLINT     1      0.0        0.0
               VCC    33      0.0        0.0
               XA1     7      1.0        7.0
              XA1A    12      1.0       12.0
              XA1B     6      1.0        6.0
              XA1C    11      1.0       11.0
             XAI1A     1      1.0        1.0
             XNOR2   206      1.0      206.0
             XNOR3   132      1.0      132.0
               XO1     1      1.0        1.0
              XOR2   513      1.0      513.0
              XOR3    34      1.0       34.0
             ZOR3I     1      1.0        1.0


              DFN1   302      1.0      302.0
            DFN1C0   384      1.0      384.0
            DFN1E0    31      1.0       31.0
          DFN1E0C0    45      1.0       45.0
            DFN1E1   116      1.0      116.0
          DFN1E1C0   201      1.0      201.0
            DFN1P0     8      1.0        8.0
            RAM4K9    16      0.0        0.0
         RAM512X18     1      0.0        0.0
                   -----          ----------
             TOTAL  4995              4906.0


  IO Cell usage:
              cell count
             BIBUF    16
         BIBUF_MSS     1
             INBUF     4
         INBUF_MSS     6
        MSS_XTLOSC     1
            OUTBUF    59
        OUTBUF_MSS     5
           TRIBUFF     1
                   -----
             TOTAL    93


Core Cells         : 4906 of 11520 (43%)
IO Cells           : 93

  RAM/ROM Usage Summary
Block Rams : 17 of 24 (70%)

