Target Part: A2F500M3G_FBGA484_Std
Report for cell TOPLEVEL.verilog
  Core Cell usage:
              cell count     area count*area
              AND2    79      1.0       79.0
             AND2A     2      1.0        2.0
              AND3    22      1.0       22.0
               AO1   132      1.0      132.0
              AO13     2      1.0        2.0
              AO16     3      1.0        3.0
              AO1A    38      1.0       38.0
              AO1B    19      1.0       19.0
              AO1C     8      1.0        8.0
              AO1D     4      1.0        4.0
              AOI1    10      1.0       10.0
             AOI1B     9      1.0        9.0
              AOI5     2      1.0        2.0
               AX1     5      1.0        5.0
              AX1A     3      1.0        3.0
              AX1B     3      1.0        3.0
              AX1D     1      1.0        1.0
              AX1E     4      1.0        4.0
              AXO3     1      1.0        1.0
              AXO6     2      1.0        2.0
             AXOI2     1      1.0        1.0
             AXOI4     1      1.0        1.0
             AXOI7     2      1.0        2.0
              BUFF     5      1.0        5.0
            CLKINT     3      0.0        0.0
               GND    31      0.0        0.0
               INV    10      1.0       10.0
           MSS_AHB     1      0.0        0.0
           MSS_CCC     1      0.0        0.0
               MX2   377      1.0      377.0
              MX2A     6      1.0        6.0
              MX2B    19      1.0       19.0
              MX2C     4      1.0        4.0
             NAND2     4      1.0        4.0
             NAND3     2      1.0        2.0
            NAND3A     6      1.0        6.0
            NAND3B     6      1.0        6.0
            NAND3C     2      1.0        2.0
              NOR2    81      1.0       81.0
             NOR2A   156      1.0      156.0
             NOR2B   532      1.0      532.0
              NOR3    31      1.0       31.0
             NOR3A    86      1.0       86.0
             NOR3B   126      1.0      126.0
             NOR3C   119      1.0      119.0
               OA1    28      1.0       28.0
              OA1A    25      1.0       25.0
              OA1B    11      1.0       11.0
              OA1C    17      1.0       17.0
              OAI1     9      1.0        9.0
               OR2   131      1.0      131.0
              OR2A    94      1.0       94.0
              OR2B    29      1.0       29.0
               OR3   134      1.0      134.0
              OR3A    14      1.0       14.0
              OR3B     9      1.0        9.0
              OR3C     2      1.0        2.0
            PLLINT     1      0.0        0.0
               VCC    31      0.0        0.0
               XA1     5      1.0        5.0
              XA1A    32      1.0       32.0
              XA1B    10      1.0       10.0
              XA1C    11      1.0       11.0
             XAI1A     1      1.0        1.0
             XNOR2    83      1.0       83.0
             XNOR3    11      1.0       11.0
               XO1     1      1.0        1.0
              XO1A     3      1.0        3.0
              XOR2   162      1.0      162.0
              XOR3     6      1.0        6.0
              ZOR3     1      1.0        1.0


              DFN1   334      1.0      334.0
            DFN1C0    70      1.0       70.0
            DFN1E0    38      1.0       38.0
          DFN1E0C0    45      1.0       45.0
            DFN1E1    89      1.0       89.0
          DFN1E1C0   116      1.0      116.0
            DFN1P0     6      1.0        6.0
            RAM4K9     8      0.0        0.0
         RAM512X18     3      0.0        0.0
                   -----          ----------
             TOTAL  3531              3452.0


  IO Cell usage:
              cell count
             BIBUF    16
         BIBUF_MSS     1
             INBUF     2
         INBUF_MSS     6
        MSS_XTLOSC     1
            OUTBUF    60
        OUTBUF_MSS     5
           TRIBUFF     1
                   -----
             TOTAL    92


Core Cells         : 3452 of 11520 (30%)
IO Cells           : 92

  RAM/ROM Usage Summary
Block Rams : 11 of 24 (45%)

