Target Part: A2F500M3G_FBGA484_-1
Report for cell mss_capture.verilog
  Core Cell usage:
              cell count     area count*area
              AND2     2      1.0        2.0
              AND3     6      1.0        6.0
               AO1     1      1.0        1.0
              AO1A     2      1.0        2.0
              AO1B     1      1.0        1.0
              AO1D     1      1.0        1.0
             AOI1B     4      1.0        4.0
              AX1C     1      1.0        1.0
              AX1D     3      1.0        3.0
            CLKINT     1      0.0        0.0
               GND     6      0.0        0.0
               INV     2      1.0        2.0
           MSS_APB     1      0.0        0.0
           MSS_CCC     1      0.0        0.0
               MX2     1      1.0        1.0
              MX2A     1      1.0        1.0
              NOR2    14      1.0       14.0
             NOR2A    19      1.0       19.0
             NOR2B     3      1.0        3.0
              NOR3     6      1.0        6.0
             NOR3A     6      1.0        6.0
             NOR3B     3      1.0        3.0
             NOR3C     7      1.0        7.0
               OA1     2      1.0        2.0
              OA1B     1      1.0        1.0
              OA1C     1      1.0        1.0
              OAI1     1      1.0        1.0
               OR2    17      1.0       17.0
              OR2A     2      1.0        2.0
              OR2B     1      1.0        1.0
               OR3    54      1.0       54.0
              OR3A     3      1.0        3.0
             RCOSC     1      0.0        0.0
               VCC     6      0.0        0.0
              XA1A     2      1.0        2.0
             XNOR2    32      1.0       32.0
              XOR2    11      1.0       11.0


              DFN1    45      1.0       45.0
            DFN1E0    11      1.0       11.0
            DFN1E1    12      1.0       12.0
                   -----          ----------
             TOTAL   294               278.0


  IO Cell usage:
              cell count
         BIBUF_MSS    21
   BIBUF_OPEND_MSS     4
             INBUF     1
         INBUF_MSS     9
            OUTBUF    10
        OUTBUF_MSS    40
       TRIBUFF_MSS     2
                   -----
             TOTAL    87


Core Cells         : 278 of 11520 (2%)
IO Cells           : 87

  RAM/ROM Usage Summary
Block Rams : 0 of 24 (0%)

