Target Part: A2F500M3G_FBGA484_Std
Report for cell TOPLEVEL.verilog
  Core Cell usage:
              cell count     area count*area
              AND2   148      1.0      148.0
             AND2A     2      1.0        2.0
              AND3    28      1.0       28.0
               AO1   208      1.0      208.0
              AO13     2      1.0        2.0
              AO16     3      1.0        3.0
              AO18     1      1.0        1.0
              AO1A    39      1.0       39.0
              AO1B    10      1.0       10.0
              AO1C    18      1.0       18.0
              AO1D     8      1.0        8.0
              AOI1     8      1.0        8.0
             AOI1B    27      1.0       27.0
              AOI5     1      1.0        1.0
               AX1     4      1.0        4.0
              AX1A     3      1.0        3.0
              AX1D     2      1.0        2.0
              AX1E     1      1.0        1.0
              AXO1     1      1.0        1.0
              AXO3     2      1.0        2.0
              AXO5     1      1.0        1.0
             AXOI3     1      1.0        1.0
             AXOI5     1      1.0        1.0
             AXOI7     1      1.0        1.0
            CLKINT     3      0.0        0.0
               GND    30      0.0        0.0
               INV    37      1.0       37.0
            MSSINT     3      0.0        0.0
           MSS_AHB     1      0.0        0.0
           MSS_CCC     1      0.0        0.0
               MX2   370      1.0      370.0
              MX2A     6      1.0        6.0
              MX2B     7      1.0        7.0
              MX2C     5      1.0        5.0
             NAND2     4      1.0        4.0
            NAND3A    12      1.0       12.0
              NOR2   128      1.0      128.0
             NOR2A   206      1.0      206.0
             NOR2B   503      1.0      503.0
              NOR3    30      1.0       30.0
             NOR3A   150      1.0      150.0
             NOR3B   156      1.0      156.0
             NOR3C   111      1.0      111.0
               OA1    29      1.0       29.0
              OA1A    27      1.0       27.0
              OA1B    10      1.0       10.0
              OA1C    28      1.0       28.0
              OAI1     9      1.0        9.0
               OR2   121      1.0      121.0
              OR2A    76      1.0       76.0
              OR2B    28      1.0       28.0
               OR3   152      1.0      152.0
              OR3A    14      1.0       14.0
              OR3B     3      1.0        3.0
            PLLINT     1      0.0        0.0
               VCC    30      0.0        0.0
               XA1     4      1.0        4.0
              XA1A     5      1.0        5.0
              XA1B     4      1.0        4.0
              XA1C     4      1.0        4.0
              XAI1     3      1.0        3.0
             XNOR2   110      1.0      110.0
             XNOR3     2      1.0        2.0
               XO1     1      1.0        1.0
              XOR2   250      1.0      250.0
              XOR3     2      1.0        2.0
             ZOR3I     1      1.0        1.0


              DFN1   318      1.0      318.0
            DFN1C0   110      1.0      110.0
            DFN1E0     6      1.0        6.0
          DFN1E0C0    72      1.0       72.0
          DFN1E0P0     8      1.0        8.0
            DFN1E1   134      1.0      134.0
          DFN1E1C0   147      1.0      147.0
          DFN1E1P0     3      1.0        3.0
            DFN1P0    18      1.0       18.0
            RAM4K9    16      0.0        0.0
                   -----          ----------
             TOTAL  4029              3944.0


  IO Cell usage:
              cell count
             BIBUF    16
         BIBUF_MSS     1
             INBUF     3
         INBUF_MSS     6
        MSS_XTLOSC     1
            OUTBUF    62
        OUTBUF_MSS     5
           TRIBUFF     1
                   -----
             TOTAL    95


Core Cells         : 3944 of 11520 (34%)
IO Cells           : 95

  RAM/ROM Usage Summary
Block Rams : 16 of 24 (66%)

