Actel Designer Software
Version: 10.1.3.1
Release: v10.1 SP3

Info: The design mss_capture.adb was last modified by software version 10.1.3.1.
Opened an existing Libero design mss_capture.adb.
'BA_NAME' set to 'mss_capture_ba'
'IDE_DESIGNERVIEW_NAME' set to 'Impl1'
'IDE_DESIGNERVIEW_COUNT' set to '1'
'IDE_DESIGNERVIEW_REV0' set to 'Impl1'
'IDE_DESIGNERVIEW_REVNUM0' set to '1'
'IDE_DESIGNERVIEW_ROOTDIR' set to
'Z:\russ\private\research\insight\git\hw\impl\smartfusion\capture\designer'
'IDE_DESIGNERVIEW_LASTREV' set to '1'

 Netlist Reading Time = 1.0 seconds
Imported the files:
   Z:\russ\private\research\insight\git\hw\impl\smartfusion\capture\synthesis\mss_capture.edn

Z:\russ\private\research\insight\git\hw\impl\smartfusion\capture\component\work\mss_capture\mss\
_capture.pdc

The Import command succeeded ( 00:00:01 )
=====================================================================
Parameters used to run compile:
===============================

Family      : SmartFusion
Device      : A2F500M3G
Package     : 484 FBGA
Source      :
Z:\russ\private\research\insight\git\hw\impl\smartfusion\capture\synthesis\mss_capture.edn

Z:\russ\private\research\insight\git\hw\impl\smartfusion\capture\component\work\mss_capture\mss\
_capture.pdc
Format      : EDIF
Topcell     : mss_capture
Speed grade : -1
Temp        : 0:25:85
Voltage     : 1.58:1.50:1.42

Keep Existing Physical Constraints : Yes
Keep Existing Timing Constraints   : Yes

pdc_abort_on_error                 : Yes
pdc_eco_display_unmatched_objects  : No
pdc_eco_max_warnings               : 10000

demote_globals                     : No
promote_globals                    : No
localclock_max_shared_instances    : 12
localclock_buffer_tree_max_fanout  : 12

combine_register                   : No
delete_buffer_tree                 : No

report_high_fanout_nets_limit      : 10

=====================================================================
Compile starts ...

Warning: CMP201: Net mss_capture_MSS_0/MSS_ADLIB_INST_CALIBOUT drives no load.
Warning: CMP201: Net mss_capture_MSS_0/MSS_ADLIB_INST_WDINT drives no load.
Warning: CMP201: Net mss_capture_MSS_0/MSS_ADLIB_INST_DEEPSLEEP drives no load.
Warning: CMP201: Net mss_capture_MSS_0/MSS_ADLIB_INST_SLEEP drives no load.
Warning: CMP201: Net mss_capture_MSS_0/MSS_ADLIB_INST_TXEV drives no load.
Warning: CMP201: Net mss_capture_MSS_0/MSS_ADLIB_INST_UART0RTSn drives no load.
Warning: CMP201: Net mss_capture_MSS_0/MSS_ADLIB_INST_UART0DTRn drives no load.
Warning: CMP201: Net mss_capture_MSS_0/MSS_ADLIB_INST_UART1RTSn drives no load.
Warning: CMP201: Net mss_capture_MSS_0/MSS_ADLIB_INST_UART1DTRn drives no load.
Warning: CMP201: Net mss_capture_MSS_0/MSS_ADLIB_INST_I2C0SMBUSNO drives no load.
Warning: CMP201: Net mss_capture_MSS_0/MSS_ADLIB_INST_I2C1SMBUSNO drives no load.
Warning: CMP201: Net mss_capture_MSS_0/MSS_ADLIB_INST_I2C0SMBALERTNO drives no load.
Warning: CMP201: Net mss_capture_MSS_0/MSS_ADLIB_INST_I2C1SMBALERTNO drives no load.
Warning: CMP201: Net mss_capture_MSS_0/MSS_ADLIB_INST_MACM2FTXD[0] drives no load.
Warning: CMP201: Net mss_capture_MSS_0/MSS_ADLIB_INST_MACM2FTXD[1] drives no load.
Warning: CMP201: Net mss_capture_MSS_0/MSS_ADLIB_INST_MACM2FTXEN drives no load.
Warning: CMP201: Net mss_capture_MSS_0/MSS_ADLIB_INST_MACM2FMDO drives no load.
Warning: CMP201: Net mss_capture_MSS_0/MSS_ADLIB_INST_MACM2FMDEN drives no load.
Warning: CMP201: Net mss_capture_MSS_0/MSS_ADLIB_INST_MACM2FMDC drives no load.
Warning: CMP201: Net mss_capture_MSS_0/MSS_ADLIB_INST_PUFABn drives no load.
Warning: CMP201: Net mss_capture_MSS_0/MSS_ADLIB_INST_LVTTL3 drives no load.
Warning: CMP201: Net mss_capture_MSS_0/MSS_ADLIB_INST_LVTTL6 drives no load.
Warning: CMP201: Net mss_capture_MSS_0/MSS_ADLIB_INST_VAREFOUT drives no load.
Warning: CMP201: Net mss_capture_MSS_0/MSS_ADLIB_INST_LVTTL1 drives no load.
Warning: CMP201: Net mss_capture_MSS_0/MSS_ADLIB_INST_SDD2 drives no load.
Warning: CMP201: Net mss_capture_MSS_0/MSS_ADLIB_INST_LVTTL9 drives no load.
Warning: CMP201: Net mss_capture_MSS_0/MSS_ADLIB_INST_LVTTL2 drives no load.
Warning: CMP201: Net mss_capture_MSS_0/MSS_ADLIB_INST_SDD1 drives no load.
Warning: CMP201: Net mss_capture_MSS_0/MSS_ADLIB_INST_LVTTL5 drives no load.
Warning: CMP201: Net mss_capture_MSS_0/MSS_ADLIB_INST_SDD0 drives no load.
Warning: CMP201: Net mss_capture_MSS_0/MSS_ADLIB_INST_LVTTL10 drives no load.
Warning: CMP201: Net mss_capture_MSS_0/MSS_ADLIB_INST_LVTTL8 drives no load.
Warning: CMP201: Net mss_capture_MSS_0/MSS_ADLIB_INST_LVTTL0 drives no load.
Warning: CMP201: Net mss_capture_MSS_0/MSS_ADLIB_INST_LVTTL7 drives no load.
Warning: CMP201: Net mss_capture_MSS_0/MSS_ADLIB_INST_LVTTL4 drives no load.
Warning: CMP201: Net mss_capture_MSS_0/MSS_ADLIB_INST_LVTTL11 drives no load.
Warning: CMP201: Net mss_capture_MSS_0/MSS_ADLIB_INST_CMP0 drives no load.
Warning: CMP201: Net mss_capture_MSS_0/MSS_ADLIB_INST_CMP1 drives no load.
Warning: CMP201: Net mss_capture_MSS_0/MSS_ADLIB_INST_CMP2 drives no load.
Warning: CMP201: Net mss_capture_MSS_0/MSS_ADLIB_INST_CMP3 drives no load.
Warning: CMP201: Net mss_capture_MSS_0/MSS_ADLIB_INST_CMP4 drives no load.
Warning: CMP201: Net mss_capture_MSS_0/MSS_ADLIB_INST_CMP5 drives no load.
Warning: CMP201: Net mss_capture_MSS_0/MSS_ADLIB_INST_CMP6 drives no load.
Warning: CMP201: Net mss_capture_MSS_0/MSS_ADLIB_INST_CMP7 drives no load.
Warning: CMP201: Net mss_capture_MSS_0/MSS_ADLIB_INST_CMP8 drives no load.
Warning: CMP201: Net mss_capture_MSS_0/MSS_ADLIB_INST_CMP9 drives no load.
Warning: CMP201: Net mss_capture_MSS_0/MSS_ADLIB_INST_CMP10 drives no load.
Warning: CMP201: Net mss_capture_MSS_0/MSS_ADLIB_INST_CMP11 drives no load.
Warning: CMP201: Net mss_capture_MSS_0/MSS_ADLIB_INST_FABPREADY drives no load.
Warning: CMP201: Net mss_capture_MSS_0/MSS_ADLIB_INST_FABPSLVERR drives no load.
Warning: CMP201: Net mss_capture_MSS_0/MSS_ADLIB_INST_MSSPSEL drives no load.
Warning: CMP201: Net mss_capture_MSS_0/MSS_ADLIB_INST_MSSPENABLE drives no load.
Warning: CMP201: Net mss_capture_MSS_0/MSS_ADLIB_INST_MSSPWRITE drives no load.
Warning: CMP201: Net mss_capture_MSS_0/MSS_ADLIB_INST_VCC15GOOD drives no load.
Warning: CMP201: Net mss_capture_MSS_0/MSS_ADLIB_INST_VCC33GOOD drives no load.
Warning: CMP201: Net mss_capture_MSS_0/MSS_ADLIB_INST_GPOE[0] drives no load.
Warning: CMP201: Net mss_capture_MSS_0/MSS_ADLIB_INST_GPOE[1] drives no load.
Warning: CMP201: Net mss_capture_MSS_0/MSS_ADLIB_INST_GPOE[2] drives no load.
Warning: CMP201: Net mss_capture_MSS_0/MSS_ADLIB_INST_GPOE[3] drives no load.
Warning: CMP201: Net mss_capture_MSS_0/MSS_ADLIB_INST_GPOE[4] drives no load.
Warning: CMP201: Net mss_capture_MSS_0/MSS_ADLIB_INST_GPOE[5] drives no load.
Warning: CMP201: Net mss_capture_MSS_0/MSS_ADLIB_INST_GPOE[6] drives no load.
Warning: CMP201: Net mss_capture_MSS_0/MSS_ADLIB_INST_GPOE[7] drives no load.
Warning: CMP201: Net mss_capture_MSS_0/MSS_ADLIB_INST_GPOE[8] drives no load.
Warning: CMP201: Net mss_capture_MSS_0/MSS_ADLIB_INST_GPOE[9] drives no load.
Warning: CMP201: Net mss_capture_MSS_0/MSS_ADLIB_INST_GPOE[10] drives no load.
Warning: CMP201: Net mss_capture_MSS_0/MSS_ADLIB_INST_GPOE[11] drives no load.
Warning: CMP201: Net mss_capture_MSS_0/MSS_ADLIB_INST_GPOE[12] drives no load.
Warning: CMP201: Net mss_capture_MSS_0/MSS_ADLIB_INST_GPOE[13] drives no load.
Warning: CMP201: Net mss_capture_MSS_0/MSS_ADLIB_INST_GPOE[14] drives no load.
Warning: CMP201: Net mss_capture_MSS_0/MSS_ADLIB_INST_GPOE[15] drives no load.
Warning: CMP201: Net mss_capture_MSS_0/MSS_ADLIB_INST_GPOE[16] drives no load.
Warning: CMP201: Net mss_capture_MSS_0/MSS_ADLIB_INST_GPOE[17] drives no load.
Warning: CMP201: Net mss_capture_MSS_0/MSS_ADLIB_INST_GPOE[18] drives no load.
Warning: CMP201: Net mss_capture_MSS_0/MSS_ADLIB_INST_GPOE[19] drives no load.
Warning: CMP201: Net mss_capture_MSS_0/MSS_ADLIB_INST_GPOE[20] drives no load.
Warning: CMP201: Net mss_capture_MSS_0/MSS_ADLIB_INST_GPOE[21] drives no load.
Warning: CMP201: Net mss_capture_MSS_0/MSS_ADLIB_INST_GPOE[22] drives no load.
Warning: CMP201: Net mss_capture_MSS_0/MSS_ADLIB_INST_GPOE[23] drives no load.
Warning: CMP201: Net mss_capture_MSS_0/MSS_ADLIB_INST_GPOE[24] drives no load.
Warning: CMP201: Net mss_capture_MSS_0/MSS_ADLIB_INST_GPOE[25] drives no load.
Warning: CMP201: Net mss_capture_MSS_0/MSS_ADLIB_INST_GPOE[26] drives no load.
Warning: CMP201: Net mss_capture_MSS_0/MSS_ADLIB_INST_GPOE[27] drives no load.
Warning: CMP201: Net mss_capture_MSS_0/MSS_ADLIB_INST_GPOE[28] drives no load.
Warning: CMP201: Net mss_capture_MSS_0/MSS_ADLIB_INST_GPOE[29] drives no load.
Warning: CMP201: Net mss_capture_MSS_0/MSS_ADLIB_INST_GPOE[30] drives no load.
Warning: CMP201: Net mss_capture_MSS_0/MSS_ADLIB_INST_GPOE[31] drives no load.
Warning: CMP201: Net mss_capture_MSS_0/MSS_ADLIB_INST_GPO[0] drives no load.
Warning: CMP201: Net mss_capture_MSS_0/MSS_ADLIB_INST_GPO[1] drives no load.
Warning: CMP201: Net mss_capture_MSS_0/MSS_ADLIB_INST_GPO[2] drives no load.
Warning: CMP201: Net mss_capture_MSS_0/MSS_ADLIB_INST_GPO[3] drives no load.
Warning: CMP201: Net mss_capture_MSS_0/MSS_ADLIB_INST_GPO[4] drives no load.
Warning: CMP201: Net mss_capture_MSS_0/MSS_ADLIB_INST_GPO[5] drives no load.
Warning: CMP201: Net mss_capture_MSS_0/MSS_ADLIB_INST_GPO[6] drives no load.
Warning: CMP201: Net mss_capture_MSS_0/MSS_ADLIB_INST_GPO[7] drives no load.
Warning: CMP201: Net mss_capture_MSS_0/MSS_ADLIB_INST_GPO[8] drives no load.
Warning: CMP201: Net mss_capture_MSS_0/MSS_ADLIB_INST_GPO[9] drives no load.
Warning: CMP201: Net mss_capture_MSS_0/MSS_ADLIB_INST_GPO[10] drives no load.
Warning: CMP201: Net mss_capture_MSS_0/MSS_ADLIB_INST_GPO[11] drives no load.
Warning: CMP201: Net mss_capture_MSS_0/MSS_ADLIB_INST_GPO[12] drives no load.
Warning: CMP201: Net mss_capture_MSS_0/MSS_ADLIB_INST_GPO[13] drives no load.
Warning: CMP201: Net mss_capture_MSS_0/MSS_ADLIB_INST_GPO[14] drives no load.
Warning: CMP201: Net mss_capture_MSS_0/MSS_ADLIB_INST_GPO[15] drives no load.
Warning: CMP201: Net mss_capture_MSS_0/MSS_ADLIB_INST_GPO[16] drives no load.
Warning: CMP201: Net mss_capture_MSS_0/MSS_ADLIB_INST_GPO[17] drives no load.
Warning: CMP201: Net mss_capture_MSS_0/MSS_ADLIB_INST_GPO[18] drives no load.
Warning: CMP201: Net mss_capture_MSS_0/MSS_ADLIB_INST_GPO[19] drives no load.
Warning: CMP201: Net mss_capture_MSS_0/MSS_ADLIB_INST_GPO[20] drives no load.
Warning: CMP201: Net mss_capture_MSS_0/MSS_ADLIB_INST_GPO[21] drives no load.
Warning: CMP201: Net mss_capture_MSS_0/MSS_ADLIB_INST_GPO[22] drives no load.
Warning: CMP201: Net mss_capture_MSS_0/MSS_ADLIB_INST_GPO[23] drives no load.
Warning: CMP201: Net mss_capture_MSS_0/MSS_ADLIB_INST_GPO[24] drives no load.
Warning: CMP201: Net mss_capture_MSS_0/MSS_ADLIB_INST_GPO[25] drives no load.
Warning: CMP201: Net mss_capture_MSS_0/MSS_ADLIB_INST_GPO[26] drives no load.
Warning: CMP201: Net mss_capture_MSS_0/MSS_ADLIB_INST_GPO[27] drives no load.
Warning: CMP201: Net mss_capture_MSS_0/MSS_ADLIB_INST_GPO[28] drives no load.
Warning: CMP201: Net mss_capture_MSS_0/MSS_ADLIB_INST_GPO[29] drives no load.
Warning: CMP201: Net mss_capture_MSS_0/MSS_ADLIB_INST_GPO[30] drives no load.
Warning: CMP201: Net mss_capture_MSS_0/MSS_ADLIB_INST_GPO[31] drives no load.
Warning: CMP201: Net mss_capture_MSS_0/MSS_ADLIB_INST_MSSINT[0] drives no load.
Warning: CMP201: Net mss_capture_MSS_0/MSS_ADLIB_INST_MSSINT[1] drives no load.
Warning: CMP201: Net mss_capture_MSS_0/MSS_ADLIB_INST_MSSINT[2] drives no load.
Warning: CMP201: Net mss_capture_MSS_0/MSS_ADLIB_INST_MSSINT[3] drives no load.
Warning: CMP201: Net mss_capture_MSS_0/MSS_ADLIB_INST_MSSINT[4] drives no load.
Warning: CMP201: Net mss_capture_MSS_0/MSS_ADLIB_INST_MSSINT[5] drives no load.
Warning: CMP201: Net mss_capture_MSS_0/MSS_ADLIB_INST_MSSINT[6] drives no load.
Warning: CMP201: Net mss_capture_MSS_0/MSS_ADLIB_INST_MSSINT[7] drives no load.
Warning: CMP201: Net mss_capture_MSS_0/SPI0SSO_net_0[1] drives no load.
Warning: CMP201: Net mss_capture_MSS_0/SPI0SSO_net_0[2] drives no load.
Warning: CMP201: Net mss_capture_MSS_0/SPI0SSO_net_0[3] drives no load.
Warning: CMP201: Net mss_capture_MSS_0/SPI0SSO_net_0[4] drives no load.
Warning: CMP201: Net mss_capture_MSS_0/SPI0SSO_net_0[5] drives no load.
Warning: CMP201: Net mss_capture_MSS_0/SPI0SSO_net_0[6] drives no load.
Warning: CMP201: Net mss_capture_MSS_0/SPI0SSO_net_0[7] drives no load.
Warning: CMP201: Net mss_capture_MSS_0/SPI1SSO_net_0[1] drives no load.
Warning: CMP201: Net mss_capture_MSS_0/SPI1SSO_net_0[2] drives no load.
Warning: CMP201: Net mss_capture_MSS_0/SPI1SSO_net_0[3] drives no load.
Warning: CMP201: Net mss_capture_MSS_0/SPI1SSO_net_0[4] drives no load.
Warning: CMP201: Net mss_capture_MSS_0/SPI1SSO_net_0[5] drives no load.
Warning: CMP201: Net mss_capture_MSS_0/SPI1SSO_net_0[6] drives no load.
Warning: CMP201: Net mss_capture_MSS_0/SPI1SSO_net_0[7] drives no load.
Warning: CMP201: Net mss_capture_MSS_0/MSS_ADLIB_INST_ACEFLAGS[0] drives no load.
Warning: CMP201: Net mss_capture_MSS_0/MSS_ADLIB_INST_ACEFLAGS[1] drives no load.
Warning: CMP201: Net mss_capture_MSS_0/MSS_ADLIB_INST_ACEFLAGS[2] drives no load.
Warning: CMP201: Net mss_capture_MSS_0/MSS_ADLIB_INST_ACEFLAGS[3] drives no load.
Warning: CMP201: Net mss_capture_MSS_0/MSS_ADLIB_INST_ACEFLAGS[4] drives no load.
Warning: CMP201: Net mss_capture_MSS_0/MSS_ADLIB_INST_ACEFLAGS[5] drives no load.
Warning: CMP201: Net mss_capture_MSS_0/MSS_ADLIB_INST_ACEFLAGS[6] drives no load.
Warning: CMP201: Net mss_capture_MSS_0/MSS_ADLIB_INST_ACEFLAGS[7] drives no load.
Warning: CMP201: Net mss_capture_MSS_0/MSS_ADLIB_INST_ACEFLAGS[8] drives no load.
Warning: CMP201: Net mss_capture_MSS_0/MSS_ADLIB_INST_ACEFLAGS[9] drives no load.
Warning: CMP201: Net mss_capture_MSS_0/MSS_ADLIB_INST_ACEFLAGS[10] drives no load.
Warning: CMP201: Net mss_capture_MSS_0/MSS_ADLIB_INST_ACEFLAGS[11] drives no load.
Warning: CMP201: Net mss_capture_MSS_0/MSS_ADLIB_INST_ACEFLAGS[12] drives no load.
Warning: CMP201: Net mss_capture_MSS_0/MSS_ADLIB_INST_ACEFLAGS[13] drives no load.
Warning: CMP201: Net mss_capture_MSS_0/MSS_ADLIB_INST_ACEFLAGS[14] drives no load.
Warning: CMP201: Net mss_capture_MSS_0/MSS_ADLIB_INST_ACEFLAGS[15] drives no load.
Warning: CMP201: Net mss_capture_MSS_0/MSS_ADLIB_INST_ACEFLAGS[16] drives no load.
Warning: CMP201: Net mss_capture_MSS_0/MSS_ADLIB_INST_ACEFLAGS[17] drives no load.
Warning: CMP201: Net mss_capture_MSS_0/MSS_ADLIB_INST_ACEFLAGS[18] drives no load.
Warning: CMP201: Net mss_capture_MSS_0/MSS_ADLIB_INST_ACEFLAGS[19] drives no load.
Warning: CMP201: Net mss_capture_MSS_0/MSS_ADLIB_INST_ACEFLAGS[20] drives no load.
Warning: CMP201: Net mss_capture_MSS_0/MSS_ADLIB_INST_ACEFLAGS[21] drives no load.
Warning: CMP201: Net mss_capture_MSS_0/MSS_ADLIB_INST_ACEFLAGS[22] drives no load.
Warning: CMP201: Net mss_capture_MSS_0/MSS_ADLIB_INST_ACEFLAGS[23] drives no load.
Warning: CMP201: Net mss_capture_MSS_0/MSS_ADLIB_INST_ACEFLAGS[24] drives no load.
Warning: CMP201: Net mss_capture_MSS_0/MSS_ADLIB_INST_ACEFLAGS[25] drives no load.
Warning: CMP201: Net mss_capture_MSS_0/MSS_ADLIB_INST_ACEFLAGS[26] drives no load.
Warning: CMP201: Net mss_capture_MSS_0/MSS_ADLIB_INST_ACEFLAGS[27] drives no load.
Warning: CMP201: Net mss_capture_MSS_0/MSS_ADLIB_INST_ACEFLAGS[28] drives no load.
Warning: CMP201: Net mss_capture_MSS_0/MSS_ADLIB_INST_ACEFLAGS[29] drives no load.
Warning: CMP201: Net mss_capture_MSS_0/MSS_ADLIB_INST_ACEFLAGS[30] drives no load.
Warning: CMP201: Net mss_capture_MSS_0/MSS_ADLIB_INST_ACEFLAGS[31] drives no load.
Warning: CMP201: Net mss_capture_MSS_0/MSS_ADLIB_INST_FABPRDATA[0] drives no load.
Warning: CMP201: Net mss_capture_MSS_0/MSS_ADLIB_INST_FABPRDATA[1] drives no load.
Warning: CMP201: Net mss_capture_MSS_0/MSS_ADLIB_INST_FABPRDATA[2] drives no load.
Warning: CMP201: Net mss_capture_MSS_0/MSS_ADLIB_INST_FABPRDATA[3] drives no load.
Warning: CMP201: Net mss_capture_MSS_0/MSS_ADLIB_INST_FABPRDATA[4] drives no load.
Warning: CMP201: Net mss_capture_MSS_0/MSS_ADLIB_INST_FABPRDATA[5] drives no load.
Warning: CMP201: Net mss_capture_MSS_0/MSS_ADLIB_INST_FABPRDATA[6] drives no load.
Warning: CMP201: Net mss_capture_MSS_0/MSS_ADLIB_INST_FABPRDATA[7] drives no load.
Warning: CMP201: Net mss_capture_MSS_0/MSS_ADLIB_INST_FABPRDATA[8] drives no load.
Warning: CMP201: Net mss_capture_MSS_0/MSS_ADLIB_INST_FABPRDATA[9] drives no load.
Warning: CMP201: Net mss_capture_MSS_0/MSS_ADLIB_INST_FABPRDATA[10] drives no load.
Warning: CMP201: Net mss_capture_MSS_0/MSS_ADLIB_INST_FABPRDATA[11] drives no load.
Warning: CMP201: Net mss_capture_MSS_0/MSS_ADLIB_INST_FABPRDATA[12] drives no load.
Warning: CMP201: Net mss_capture_MSS_0/MSS_ADLIB_INST_FABPRDATA[13] drives no load.
Warning: CMP201: Net mss_capture_MSS_0/MSS_ADLIB_INST_FABPRDATA[14] drives no load.
Warning: CMP201: Net mss_capture_MSS_0/MSS_ADLIB_INST_FABPRDATA[15] drives no load.
Warning: CMP201: Net mss_capture_MSS_0/MSS_ADLIB_INST_FABPRDATA[16] drives no load.
Warning: CMP201: Net mss_capture_MSS_0/MSS_ADLIB_INST_FABPRDATA[17] drives no load.
Warning: CMP201: Net mss_capture_MSS_0/MSS_ADLIB_INST_FABPRDATA[18] drives no load.
Warning: CMP201: Net mss_capture_MSS_0/MSS_ADLIB_INST_FABPRDATA[19] drives no load.
Warning: CMP201: Net mss_capture_MSS_0/MSS_ADLIB_INST_FABPRDATA[20] drives no load.
Warning: CMP201: Net mss_capture_MSS_0/MSS_ADLIB_INST_FABPRDATA[21] drives no load.
Warning: CMP201: Net mss_capture_MSS_0/MSS_ADLIB_INST_FABPRDATA[22] drives no load.
Warning: CMP201: Net mss_capture_MSS_0/MSS_ADLIB_INST_FABPRDATA[23] drives no load.
Warning: CMP201: Net mss_capture_MSS_0/MSS_ADLIB_INST_FABPRDATA[24] drives no load.
Warning: CMP201: Net mss_capture_MSS_0/MSS_ADLIB_INST_FABPRDATA[25] drives no load.
Warning: CMP201: Net mss_capture_MSS_0/MSS_ADLIB_INST_FABPRDATA[26] drives no load.
Warning: CMP201: Net mss_capture_MSS_0/MSS_ADLIB_INST_FABPRDATA[27] drives no load.
Warning: CMP201: Net mss_capture_MSS_0/MSS_ADLIB_INST_FABPRDATA[28] drives no load.
Warning: CMP201: Net mss_capture_MSS_0/MSS_ADLIB_INST_FABPRDATA[29] drives no load.
Warning: CMP201: Net mss_capture_MSS_0/MSS_ADLIB_INST_FABPRDATA[30] drives no load.
Warning: CMP201: Net mss_capture_MSS_0/MSS_ADLIB_INST_FABPRDATA[31] drives no load.
Warning: CMP201: Net mss_capture_MSS_0/MSS_ADLIB_INST_MSSPADDR[0] drives no load.
Warning: CMP201: Net mss_capture_MSS_0/MSS_ADLIB_INST_MSSPADDR[1] drives no load.
Warning: CMP201: Net mss_capture_MSS_0/MSS_ADLIB_INST_MSSPADDR[2] drives no load.
Warning: CMP201: Net mss_capture_MSS_0/MSS_ADLIB_INST_MSSPADDR[3] drives no load.
Warning: CMP201: Net mss_capture_MSS_0/MSS_ADLIB_INST_MSSPADDR[4] drives no load.
Warning: CMP201: Net mss_capture_MSS_0/MSS_ADLIB_INST_MSSPADDR[5] drives no load.
Warning: CMP201: Net mss_capture_MSS_0/MSS_ADLIB_INST_MSSPADDR[6] drives no load.
Warning: CMP201: Net mss_capture_MSS_0/MSS_ADLIB_INST_MSSPADDR[7] drives no load.
Warning: CMP201: Net mss_capture_MSS_0/MSS_ADLIB_INST_MSSPADDR[8] drives no load.
Warning: CMP201: Net mss_capture_MSS_0/MSS_ADLIB_INST_MSSPADDR[9] drives no load.
Warning: CMP201: Net mss_capture_MSS_0/MSS_ADLIB_INST_MSSPADDR[10] drives no load.
Warning: CMP201: Net mss_capture_MSS_0/MSS_ADLIB_INST_MSSPADDR[11] drives no load.
Warning: CMP201: Net mss_capture_MSS_0/MSS_ADLIB_INST_MSSPADDR[12] drives no load.
Warning: CMP201: Net mss_capture_MSS_0/MSS_ADLIB_INST_MSSPADDR[13] drives no load.
Warning: CMP201: Net mss_capture_MSS_0/MSS_ADLIB_INST_MSSPADDR[14] drives no load.
Warning: CMP201: Net mss_capture_MSS_0/MSS_ADLIB_INST_MSSPADDR[15] drives no load.
Warning: CMP201: Net mss_capture_MSS_0/MSS_ADLIB_INST_MSSPADDR[16] drives no load.
Warning: CMP201: Net mss_capture_MSS_0/MSS_ADLIB_INST_MSSPADDR[17] drives no load.
Warning: CMP201: Net mss_capture_MSS_0/MSS_ADLIB_INST_MSSPADDR[18] drives no load.
Warning: CMP201: Net mss_capture_MSS_0/MSS_ADLIB_INST_MSSPADDR[19] drives no load.
Warning: CMP201: Net mss_capture_MSS_0/MSS_ADLIB_INST_MSSPWDATA[0] drives no load.
Warning: CMP201: Net mss_capture_MSS_0/MSS_ADLIB_INST_MSSPWDATA[1] drives no load.
Warning: CMP201: Net mss_capture_MSS_0/MSS_ADLIB_INST_MSSPWDATA[2] drives no load.
Warning: CMP201: Net mss_capture_MSS_0/MSS_ADLIB_INST_MSSPWDATA[3] drives no load.
Warning: CMP201: Net mss_capture_MSS_0/MSS_ADLIB_INST_MSSPWDATA[4] drives no load.
Warning: CMP201: Net mss_capture_MSS_0/MSS_ADLIB_INST_MSSPWDATA[5] drives no load.
Warning: CMP201: Net mss_capture_MSS_0/MSS_ADLIB_INST_MSSPWDATA[6] drives no load.
Warning: CMP201: Net mss_capture_MSS_0/MSS_ADLIB_INST_MSSPWDATA[7] drives no load.
Warning: CMP201: Net mss_capture_MSS_0/MSS_ADLIB_INST_MSSPWDATA[8] drives no load.
Warning: CMP201: Net mss_capture_MSS_0/MSS_ADLIB_INST_MSSPWDATA[9] drives no load.
Warning: CMP201: Net mss_capture_MSS_0/MSS_ADLIB_INST_MSSPWDATA[10] drives no load.
Warning: CMP201: Net mss_capture_MSS_0/MSS_ADLIB_INST_MSSPWDATA[11] drives no load.
Warning: CMP201: Net mss_capture_MSS_0/MSS_ADLIB_INST_MSSPWDATA[12] drives no load.
Warning: CMP201: Net mss_capture_MSS_0/MSS_ADLIB_INST_MSSPWDATA[13] drives no load.
Warning: CMP201: Net mss_capture_MSS_0/MSS_ADLIB_INST_MSSPWDATA[14] drives no load.
Warning: CMP201: Net mss_capture_MSS_0/MSS_ADLIB_INST_MSSPWDATA[15] drives no load.
Warning: CMP201: Net mss_capture_MSS_0/MSS_ADLIB_INST_MSSPWDATA[16] drives no load.
Warning: CMP201: Net mss_capture_MSS_0/MSS_ADLIB_INST_MSSPWDATA[17] drives no load.
Warning: CMP201: Net mss_capture_MSS_0/MSS_ADLIB_INST_MSSPWDATA[18] drives no load.
Warning: CMP201: Net mss_capture_MSS_0/MSS_ADLIB_INST_MSSPWDATA[19] drives no load.
Warning: CMP201: Net mss_capture_MSS_0/MSS_ADLIB_INST_MSSPWDATA[20] drives no load.
Warning: CMP201: Net mss_capture_MSS_0/MSS_ADLIB_INST_MSSPWDATA[21] drives no load.
Warning: CMP201: Net mss_capture_MSS_0/MSS_ADLIB_INST_MSSPWDATA[22] drives no load.
Warning: CMP201: Net mss_capture_MSS_0/MSS_ADLIB_INST_MSSPWDATA[23] drives no load.
Warning: CMP201: Net mss_capture_MSS_0/MSS_ADLIB_INST_MSSPWDATA[24] drives no load.
Warning: CMP201: Net mss_capture_MSS_0/MSS_ADLIB_INST_MSSPWDATA[25] drives no load.
Warning: CMP201: Net mss_capture_MSS_0/MSS_ADLIB_INST_MSSPWDATA[26] drives no load.
Warning: CMP201: Net mss_capture_MSS_0/MSS_ADLIB_INST_MSSPWDATA[27] drives no load.
Warning: CMP201: Net mss_capture_MSS_0/MSS_ADLIB_INST_MSSPWDATA[28] drives no load.
Warning: CMP201: Net mss_capture_MSS_0/MSS_ADLIB_INST_MSSPWDATA[29] drives no load.
Warning: CMP201: Net mss_capture_MSS_0/MSS_ADLIB_INST_MSSPWDATA[30] drives no load.
Warning: CMP201: Net mss_capture_MSS_0/MSS_ADLIB_INST_MSSPWDATA[31] drives no load.
Warning: CMP201: Net mss_capture_MSS_0/MSS_CCC_0/I_MSSCCC_GLB drives no load.
Warning: CMP201: Net mss_capture_MSS_0/MSS_CCC_0/I_MSSCCC_GLC drives no load.
Warning: CMP201: Net mss_capture_MSS_0/MSS_CCC_0/I_MSSCCC_LOCK drives no load.
Warning: CMP201: Net mss_capture_MSS_0/MSS_CCC_0/I_MSSCCC_YB drives no load.
Warning: CMP201: Net mss_capture_MSS_0/MSS_CCC_0/I_MSSCCC_YC drives no load.
Warning: Top level port RESET is not connected to any IO pad

Netlist Optimization Report
===========================

Optimized macros:
  - Dangling net drivers:   0
  - Buffers:                0
  - Inverters:              0
  - Tieoff:                 0
  - Logic combining:        24

    Total macros optimized  24

There were 0 error(s) and 263 warning(s) in this design.
=====================================================================

Reading previous post-compile physical placement constraints.


There were 0 error(s) and 0 warning(s).

=====================================================================

Reading user pdc (Physical Design Constraints) file(s) postcompile


There were 0 error(s) and 0 warning(s) in reading the user pdc.

=====================================================================
Compile report:
===============

    Microcontroller Subsystem  Used:      1  Total:      1   (100.00%)
    Fabric                     Used:    212  Total:  11520   (1.84%)
    Fabric IO (W/ clocks)      Used:     62  Total:    128   (48.44%)
    Fabric Differential IO     Used:      0  Total:     64   (0.00%)
    Dedicated Analog IO        Used:      0  Total:     43   (0.00%)
    Dedicated MSS IO           Used:     26  Total:     43   (60.47%)
    GLOBAL (Chip+Quadrant)     Used:      0  Total:     15   (0.00%)
    MSS GLOBAL                 Used:      3  Total:      3   (100.00%)
    Fabric CCC                 Used:      0  Total:      1   (0.00%)
    MSS CCC                    Used:      1  Total:      1   (100.00%)
    On-chip RC oscillator      Used:      1  Total:      1   (100.00%)
    Main Crystal oscillator    Used:      0  Total:      1   (0.00%)
    32 KHz Crystal oscillator  Used:      0  Total:      1   (0.00%)
    RAM/FIFO                   Used:      0  Total:     24   (0.00%)
    User JTAG                  Used:      0  Total:      1   (0.00%)

Global Information:

    Type            | Used   | Total
    ----------------|--------|--------------
    Chip global     | 0      | 3  (0.00%)*
    Quadrant global | 0      | 12 (0.00%)
    MSS global      | 3      | 3  (100.00%)

    (*) Chip globals may be assigned to Quadrant globals using the Multi-View Navigator (MVN)
        or Physical Design Constraints (PDC).
        They may also be assigned to Quadrant globals automatically during Layout.

Core Information:

    Type    | Instances    | Core tiles
    --------|--------------|-----------
    COMB    | 155          | 155
    SEQ     | 57           | 57

I/O Function:

    Type                          | w/o register  | w/ register  | w/ DDR register
    ------------------------------|---------------|--------------|----------------
    Input I/O                     | 1             | 0            | 0
    Output I/O                    | 11            | 0            | 0
    Bidirectional I/O             | 0             | 0            | 0
    Differential Input I/O Pairs  | 0             | 0            | 0
    Differential Output I/O Pairs | 0             | 0            | 0

I/O Technology:

                                    |   Voltages    |             I/Os
    --------------------------------|-------|-------|-------|--------|--------------
    I/O Standard(s)                 | Vcci  | Vref  | Input | Output | Bidirectional
    --------------------------------|-------|-------|-------|--------|--------------
    LVTTL                           | 3.30v | N/A   | 1     | 11     | 0

I/O Placement:

    Locked  :  12 ( 100.00% )
    Placed  :   0
    UnPlaced:   0

Net information report:
=======================

The following nets have been assigned to a chip global resource:
    Fanout  Type          Name
    --------------------------
    59      CLK_NET       Net   : FAB_CLK
                          Driver: mss_capture_MSS_0/MSS_CCC_0/I_MSSCCC
                          Source: ESSENTIAL

High fanout nets in the post compile netlist:
    Fanout  Type          Name
    --------------------------
    20      INT_NET       Net   : AdcCapStub_0/cntrConv13
                          Driver: AdcCapStub_0/cntrConv_RNIMHL28[12]
    9       INT_NET       Net   : AdcCap_0/dataout7
                          Driver: AdcCap_0/bitsRead_RNIMCF51[3]
    8       INT_NET       Net   : cs_c
                          Driver: AdcCap_0/cs
    8       INT_NET       Net   : AdcCap_0/bitsRead_0_sqmuxa_1
                          Driver: AdcCap_0/cs_RNIA3BE
    8       INT_NET       Net   : AdcCapStub_0/DWACT_FDEC_E[0]
                          Driver: AdcCapStub_0/un5_cntrConv_1_I_10
    7       INT_NET       Net   : AdcCap_0/bitsRead_0_sqmuxa
                          Driver: AdcCap_0/cntrWaitQuiet_RNI23GO1[2]
    7       INT_NET       Net   : AdcCapStub_0/cntrConv[0]
                          Driver: AdcCapStub_0/cntrConv[0]
    7       INT_NET       Net   : AdcCapStub_0/DWACT_FDEC_E[7]
                          Driver: AdcCapStub_0/un5_cntrConv_1_I_33
    7       INT_NET       Net   : AdcCapStub_0/DWACT_FDEC_E[6]
                          Driver: AdcCapStub_0/un5_cntrConv_1_I_30
    7       INT_NET       Net   : AdcCapStub_0/DWACT_FDEC_E[15]
                          Driver: AdcCapStub_0/un5_cntrConv_1_I_60

Nets that are candidates for clock assignment and the resulting fanout:
    Fanout  Type          Name
    --------------------------
    20      INT_NET       Net   : AdcCapStub_0/cntrConv13
                          Driver: AdcCapStub_0/cntrConv_RNIMHL28[12]
    9       INT_NET       Net   : AdcCap_0/dataout7
                          Driver: AdcCap_0/bitsRead_RNIMCF51[3]
    8       INT_NET       Net   : cs_c
                          Driver: AdcCap_0/cs
    8       INT_NET       Net   : AdcCap_0/bitsRead_0_sqmuxa_1
                          Driver: AdcCap_0/cs_RNIA3BE
    8       INT_NET       Net   : AdcCapStub_0/DWACT_FDEC_E[0]
                          Driver: AdcCapStub_0/un5_cntrConv_1_I_10
    7       INT_NET       Net   : AdcCap_0/bitsRead_0_sqmuxa
                          Driver: AdcCap_0/cntrWaitQuiet_RNI23GO1[2]
    7       INT_NET       Net   : AdcCapStub_0/cntrConv[0]
                          Driver: AdcCapStub_0/cntrConv[0]
    7       INT_NET       Net   : AdcCapStub_0/DWACT_FDEC_E[7]
                          Driver: AdcCapStub_0/un5_cntrConv_1_I_33
    7       INT_NET       Net   : AdcCapStub_0/DWACT_FDEC_E[6]
                          Driver: AdcCapStub_0/un5_cntrConv_1_I_30
    7       INT_NET       Net   : AdcCapStub_0/DWACT_FDEC_E[15]
                          Driver: AdcCapStub_0/un5_cntrConv_1_I_60

The Compile command succeeded ( 00:00:01 )
Wrote status report to file: mss_capture_compile_report.txt

The Report command succeeded ( 00:00:00 )
Design saved to file
Z:\russ\private\research\insight\git\hw\impl\smartfusion\capture\designer\impl1\mss_capture.adb.

The Execute Script command succeeded ( 00:00:04 )
Design closed.

